COMMAND ["npm","run","check"]
START 2026-09-07T00:58:10.606Z
COMMIT ce4d156a41a35c7701eecdf82d2cc1fe73406d24

> world-semantic-grounding-service@0.2.1 check
> npm run contracts:check && npm run architecture:check && npm run acceptance:check && npm run acceptance:v0.2:check && npm run development:check && npm run typecheck && npm test


> world-semantic-grounding-service@0.2.1 contracts:check
> npm run alignment:gowm:check && npm run alignment:gowm:evidence:check && tsx validation/scripts/verify-gowm-intake.ts && node validation/scripts/verify-wsgs-contracts.mjs && node validation/scripts/verify-wsgs-v02-internal.mjs && npm run contracts:gdps:check && npm run contracts:sacs-geospatial:check && npm run findings:decoder:check && npm run findings:provenance:check && npm run contracts:types:check && npm run verify:world-analysis-contract && npm run world-analysis:runtime:check


> world-semantic-grounding-service@0.2.1 alignment:gowm:check
> tsx validation/scripts/verify-gowm-alignment.ts

{
  "status": "PASS",
  "invariant": "GOWM_RUNTIME_0_6_4__GATEWAY_CONTRACT_0_6_3",
  "runtimeCommit": "c49bf415fdb4cbe19a09f341c34b6dd825e3ca14",
  "runtimeVersion": "0.6.4",
  "gatewayPackage": "@gowm/world-gateway-contracts@0.6.3",
  "gatewayContractVersion": "0.6.3",
  "criticalOperationCount": 7,
  "declaredSemanticMigrationCount": 3,
  "authorityVerification": {
    "status": "PASS",
    "authorityPath": "contracts/upstream/gowm-runtime-contract-alignment-lock-v1.json",
    "generatedCompatibilityProjections": [
      "contracts/upstream/gowm-0.6.3/SOURCE_LOCK.json",
      "contracts/wsgs-v0.2-internal/dependencies/source-lock.json"
    ],
    "historicalNonAuthorities": [
      "contracts/upstream/gowm-v0.4/",
      "contracts/upstream/required-gowm-capabilities.json",
      "contracts/upstream/optional-gowm-capabilities.json",
      "execplans/EP-wsgs-v0.2-gowm-063.md",
      "reports/wsgs-v0.2/"
    ],
    "independentAuthorityCount": 1
  },
  "sourceVerification": "NOT_REQUESTED",
  "contractDiff": {
    "operationCount": 120,
    "observedSemanticMigrations": [
      "predicate.evaluate@1.0",
      "spatial.find-intersections@1.0",
      "world.get-geometry@1.0"
    ]
  }
}

> world-semantic-grounding-service@0.2.1 alignment:gowm:evidence:check
> tsx validation/scripts/generate-gowm-alignment-evidence.ts

{"marker":"WSGS_GOWM_ALIGNMENT_STATIC_EVIDENCE_PASS","mode":"CHECK","reports":10,"lockHash":"sha256:de0d7368c8d82836b96f84eceb3e3633daf5098d910135eff5fa159563e73ed4","operationCount":120,"semanticMigrations":3,"negativeCases":9,"handoffVerificationStatus":"PASS"}
GOWM runtime 0.6.4 / Gateway contract 0.6.3 intake verified; source=c49bf415fdb4cbe19a09f341c34b6dd825e3ca14; package=@gowm/world-gateway-contracts@0.6.3; manifest=62/62; lock=default:31,preview:89; archive=64/64 byte-identical; checks=25 PASS
WSGS_CONTRACT_FREEZE_PASS schemas=19 examples=12 artifacts=32
WSGS_V02_INTERNAL_CONTRACT_PASS schemas=12 stableRecipes=9 previewRecipes=5 examples=13 acceptance=279

> world-semantic-grounding-service@0.2.1 contracts:gdps:check
> node validation/scripts/verify-wsgs-gdps-contracts.mjs

WSGS_V02_GDPS_CONTRACT_PASS schemas=9 productTypes=34 profiles=35 capabilities=30 recipes=14 concepts=16 e2e=16

> world-semantic-grounding-service@0.2.1 contracts:sacs-geospatial:check
> node validation/scripts/generate-sacs-geospatial-contract-evidence.mjs

WSGS_V021_GEOSPATIAL_CONTRACT_READY schemas=10 examples=19 negative=11 sacsBidirectional=14 legacyArtifacts=32

> world-semantic-grounding-service@0.2.1 findings:decoder:check
> npm run findings:decoder:build && tsx validation/scripts/generate-sacs-geospatial-decoder-evidence.ts


> world-semantic-grounding-service@0.2.1 findings:decoder:build
> tsc -b packages/gowm-contract-intake packages/gdps-descriptor-consumer packages/gowm-execution-evidence packages/northbound-geospatial-findings --pretty false

WSGS_V021_FINDING_DECODER_READY coverage=30 supported=29 notApplicable=1 findingKinds=6 realShapes=10 negatives>=28 runtime=NOT_RUN consumerCases=0/18

> world-semantic-grounding-service@0.2.1 findings:provenance:check
> tsx validation/scripts/generate-sacs-geospatial-provenance-evidence.ts

WSGS_V021_N03_EVIDENCE_SOURCE_READY input=sha256:e1d0c25ea1b8b6a1a7e2ad01738880c5f87074ff73fb312ccb4a88e6a261da25 tests=120 real=NOT_RUN

> world-semantic-grounding-service@0.2.1 contracts:types:check
> node validation/scripts/generate-contract-types.mjs --check

WSGS_CONTRACT_TYPES_CHECK_PASS files=37 embeddedSchemaDocuments=1

> world-semantic-grounding-service@0.2.1 verify:world-analysis-contract
> node validation/scripts/verify-world-analysis-contract.mjs

WORLD_ANALYSIS_TYPES_CHECK_PASS schemas=45 types=15
WORLD_ANALYSIS_EXAMPLES_CHECK_PASS cases=44 positive=20 negative=24
{"status":"PASS","mode":"VERIFY","files":68,"manifest":"reports/wsgs-v0.2.4-stable-world-analysis-service/W00/legacy-contract-hashes.json"}
{"status":"PASS","scope":"W01_FROZEN_CONTRACT_ONLY","schemas":45,"examples":44,"assertions":836,"runtimeValidated":false,"liveServicesUsed":false}

> world-semantic-grounding-service@0.2.1 world-analysis:runtime:check
> node validation/scripts/sync-world-analysis-runtime.mjs --check

WORLD_ANALYSIS_RUNTIME_MIRROR_CHECK_PASS files=17

> world-semantic-grounding-service@0.2.1 architecture:check
> node validation/scripts/architecture-boundary.mjs

ARCHITECTURE_BOUNDARY_PASS no_sdar=true no_a2a=true no_smpp=true no_gowm_db=true gateway_only=true no_direct_gdps=true no_prefix_auth=true planner_operation_free=true descriptor_consumer_pure=true finding_runtime_importer_locked=true no_langgraph=true

> world-semantic-grounding-service@0.2.1 acceptance:check
> node validation/scripts/generate-acceptance-ledger.mjs

WSGS_ACCEPTANCE_LEDGER_PASS required=206 pass=145 not_run=2 blocked=59

> world-semantic-grounding-service@0.2.1 acceptance:v0.2:check
> node validation/scripts/generate-v02-acceptance-ledger.mjs

WSGS_V02_ACCEPTANCE_LEDGER_BLOCKED required=279 pass=195 fail=0 not_run=17 blocked=67

> world-semantic-grounding-service@0.2.1 development:check
> npm run acceptance:development:check && node validation/scripts/verify-development-closure.mjs


> world-semantic-grounding-service@0.2.1 acceptance:development:check
> node validation/scripts/generate-development-acceptance-ledger.mjs

WSGS_V02_DEVELOPMENT_DEVELOPMENT_READY required=63 pass=63 fail=0 not_run=0 blocked=0 sha256=fd2def26d5c34a68121fad531d336d46358b334213dfdefcb09c9e628f73bc74
WSGS_V02_DEVELOPMENT_CLOSURE_PASS schemas=4 development=63/63 deferred=14 recipes=6 productionQualified=false

> world-semantic-grounding-service@0.2.1 typecheck
> tsc -b --pretty false


> world-semantic-grounding-service@0.2.1 test
> vitest run


 RUN  v4.1.11 /home/zhouwen/web-download/world-semantic-grounding-service


 Test Files  73 passed | 4 skipped (77)
      Tests  954 passed | 29 skipped (983)
   Start at  08:58:25
   Duration  53.63s (transform 12.42s, setup 0ms, import 75.75s, tests 110.82s, environment 17ms)


EXIT_CODE 0
SIGNAL NONE
